<!-- Generated by jmldoc -->
<!DOCTYPE HTML PUBLIC "-//W3C//DTD HTML 4.01 Transitional//EN" "http://www.w3.org/TR/html4/loose.dtd">
<!--NewPage-->
<HTML lang="en">
<HEAD>
<TITLE>
PP
</TITLE>


<LINK REL ="stylesheet" TYPE="text/css" HREF="stylesheet.css" TITLE="Style">

<SCRIPT type="text/javascript">
function windowTitle()
{
    if (location.href.indexOf('is-external=true') == -1) {
        parent.document.title="PP";
    }
}
</SCRIPT>
<NOSCRIPT>
</NOSCRIPT>

</HEAD>

<BODY BGCOLOR="white" onload="windowTitle();">
<HR>


<!-- ========= START OF TOP NAVBAR ======= -->
<A NAME="navbar_top"><!-- --></A>
<A HREF="#skip-navbar_top" title="Skip navigation links"></A>
<TABLE BORDER="0" WIDTH="100%" CELLPADDING="1" CELLSPACING="0" SUMMARY="">
<TR>
<TD COLSPAN=2 BGCOLOR="#EEEEFF" CLASS="NavBarCell1">
<A NAME="navbar_top_firstrow"><!-- --></A>
<TABLE BORDER="0" CELLPADDING="0" CELLSPACING="3" SUMMARY="">
  <TR ALIGN="center" VALIGN="top">
  <TD BGCOLOR="#EEEEFF" CLASS="NavBarCell1">    <A HREF="package-summary.html"><FONT CLASS="NavBarFont1"><STRONG>Package</STRONG></FONT></A>&nbsp;</TD>
  <TD BGCOLOR="#FFFFFF" CLASS="NavBarCell1Rev"> &nbsp;<FONT CLASS="NavBarFont1Rev"><STRONG>Class</STRONG></FONT>&nbsp;</TD>
  <TD BGCOLOR="#EEEEFF" CLASS="NavBarCell1">    <A HREF="package-tree.html"><FONT CLASS="NavBarFont1"><STRONG>Tree</STRONG></FONT></A>&nbsp;</TD>
  <TD BGCOLOR="#EEEEFF" CLASS="NavBarCell1">    <A HREF="deprecated-list.html"><FONT CLASS="NavBarFont1"><STRONG>Deprecated</STRONG></FONT></A>&nbsp;</TD>
  <TD BGCOLOR="#EEEEFF" CLASS="NavBarCell1">    <A HREF="index-all.html"><FONT CLASS="NavBarFont1"><STRONG>Index</STRONG></FONT></A>&nbsp;</TD>
  <TD BGCOLOR="#EEEEFF" CLASS="NavBarCell1">    <A HREF="help-doc.html"><FONT CLASS="NavBarFont1"><STRONG>Help</STRONG></FONT></A>&nbsp;</TD>
  </TR>
</TABLE>
</TD>
<TD ALIGN="right" VALIGN="top" ROWSPAN=3><EM>
</EM>
</TD>
</TR>

<TR>
<TD BGCOLOR="white" CLASS="NavBarCell2"><FONT SIZE="-2">
&nbsp;PREV CLASS&nbsp;
&nbsp;<A HREF="QQ.html" title="class in &lt;Unnamed&gt;"><STRONG>NEXT CLASS</STRONG></A></FONT></TD>
<TD BGCOLOR="white" CLASS="NavBarCell2"><FONT SIZE="-2">
  <A HREF="index.html?PP.html" target="_top"><STRONG>FRAMES</STRONG></A>  &nbsp;
&nbsp;<A HREF="PP.html" target="_top"><STRONG>NO FRAMES</STRONG></A>  &nbsp;
&nbsp;<SCRIPT type="text/javascript">
  <!--
  if(window==top) {
    document.writeln('<A HREF="allclasses-noframe.html"><STRONG>All Classes</STRONG></A>');
  }
  //-->
</SCRIPT>
<NOSCRIPT>
  <A HREF="allclasses-noframe.html"><STRONG>All Classes</STRONG></A>
</NOSCRIPT>


</FONT></TD>
</TR>
<TR>
<TD VALIGN="top" CLASS="NavBarCell3"><FONT SIZE="-2">
  SUMMARY:&nbsp;NESTED&nbsp;|&nbsp;<A HREF="#field_summary">FIELD</A>&nbsp;|&nbsp;<A HREF="#constructor_summary">CONSTR</A>&nbsp;|&nbsp;<A HREF="#method_summary">METHOD</A></FONT></TD>
<TD VALIGN="top" CLASS="NavBarCell3"><FONT SIZE="-2">
DETAIL:&nbsp;<A HREF="#field_detail">FIELD</A>&nbsp;|&nbsp;<A HREF="#constructor_detail">CONSTR</A>&nbsp;|&nbsp;<A HREF="#method_detail">METHOD</A></FONT></TD>
</TR>
</TABLE>
<A NAME="skip-navbar_top"></A>
<!-- ========= END OF TOP NAVBAR ========= -->

<HR>
<!-- ======== START OF CLASS DATA ======== -->
<H2>
Class PP</H2>
<PRE>
java.lang.Object
  <IMG SRC="./resources/inherit.gif" ALT="extended by "><A HREF="QQ.html" title="class in &lt;Unnamed&gt;">QQ</A>
      <IMG SRC="./resources/inherit.gif" ALT="extended by "><STRONG>PP</STRONG>
</PRE>
<HR>
<PRE>public class <STRONG>PP</STRONG>
extends <A HREF="QQ.html" title="class in &lt;Unnamed&gt;">QQ</A></PRE>

<P>

<TABLE BORDER="1" WIDTH="100%" CELLPADDING="3" CELLSPACING="0" SUMMARY="">
<TR BGCOLOR="#CCCCFF" CLASS="TableHeadingColor">
<TH ALIGN="left" COLSPAN="1"><FONT SIZE="+2">
<CAPTION CLASS="TableCaption">
<STRONG>JML Specifications</STRONG></FONT></TH>
</TR>
</CAPTION>
<TR BGCOLOR="white" CLASS="TableRowColor">
<TD ALIGN="left" VALIGN="top" WIDTH="1%">
<PRE>    invariant i + 2 * 3 - 4 / 5 + 6 % i + (i << 5) + (i >> 6) + (i >>> i) == -10; 
    invariant i > 0 && i < 0 && i == 0 && (i <= +10 ? i >= 0 : i != 0); 
    invariant b || !b && (b ==> b) && (b <==> b) && (b <=!=> b) && (b <== b); 
    invariant (i & 1) + (i ^ 1) + (i | 1) + (~i) == 0; 
    invariant \type(int) <: \typeof(o); 
    invariant \type(int) <#= \typeof(o); 
    invariant \type(int) <# \typeof(o); 
    invariant o instanceof java.lang.String; 
    invariant true && false && (i == 10.0) && (i < -100000.0) && (i > +40000.0) && (i > +4.0E49); 
    invariant "asd" != (Object)null && 'c' != 'd' && 'a' != '%' && "45" != "\n\"\'\034"; 
    invariant (int)9 == 9 && (char)3 == 'd' && (float)4 == (double)5 && (short)1 == (byte)(-1) && (long)-13 == -12; 
    invariant (new int[]{1, 2, 3}).length == 3 && (new int[]{1, 2, 3})[0] == 1 && a[3] == 6; 
    invariant (new PP()).i == 0; 
    invariant (\forall int i; ; i != 0) && (\forall int k; k > 0; k > -1); 
    invariant (\exists int i; ; i != 0) && (\exists int k; k > 0; k > -1); 
    invariant (\num_of int i; ; i == 0) == (\num_of int k; k > 0; k > -1); 
    invariant (\max int i; i > 0 && i < 10; i) == (\min int i; i > 0 && i < 10; i); 
    invariant (\sum int i; i > 0 && i < 10; i) == (\product int i; i > 0 && i < 10; i); 
    invariant this.i == 0 && super.bb() && PP.class != null; 
    invariant (* informal predicate *) && false && m() == 0 && 0 == mq(1, false, new Object()); 
    invariant \is_initialized(PP); 
    invariant \is_initialized(Integer); 
    invariant \invariant_for(o); 
    invariant (\lblpos A true); 
    invariant (\lblneg A true); 
    invariant (\lbl A true); 
    invariant !\reach(o).isEmpty(); 
    invariant \reach(o) != null; 
    invariant new JMLSetType { Integer o | list.contains(o) && o > 0 } != null; 
    constraint i >= \old(i); 
    axiom true; 
    initially true; 
     readable i if true; 
     writable i if true; 
     monitors_for i = o; 
</PRE>
</TD></TR>
</TABLE>
&nbsp;
<P>
<HR>

<P>
<!-- =========== FIELD SUMMARY =========== -->

<A NAME="field_summary"><!-- --></A>
<TABLE BORDER="1" WIDTH="100%" CELLPADDING="3" CELLSPACING="0" SUMMARY="Field Summary table, listing fields, and an explanation">
<CAPTION CLASS="TableCaption">
Field Summary</CAPTION>
<TR>
<TH CLASS="TableHeader" SCOPE="col" NOWRAP>Modifier and Type</TH>
<TH CLASS="TableHeader" SCOPE="col" NOWRAP>Field and Description</TH>
</TR>
<TR BGCOLOR="white" CLASS="TableRowColor">
<TD ALIGN="right" VALIGN="top" WIDTH="1%"><FONT SIZE="-1">
<CODE>(package private) &nbsp;int[]</CODE></FONT></TD>
<TD><CODE><STRONG><A HREF="PP.html#a">a</A></STRONG></CODE>

<BR>
&nbsp;&nbsp;&nbsp;&nbsp;&nbsp;&nbsp;&nbsp;&nbsp;&nbsp;&nbsp;&nbsp;</TD>
</TR>
<TR BGCOLOR="white" CLASS="TableRowColor">
<TD ALIGN="right" VALIGN="top" WIDTH="1%"><FONT SIZE="-1">
<CODE>(package private) &nbsp;boolean</CODE></FONT></TD>
<TD><CODE><STRONG><A HREF="PP.html#b">b</A></STRONG></CODE>

<BR>
&nbsp;&nbsp;&nbsp;&nbsp;&nbsp;&nbsp;&nbsp;&nbsp;&nbsp;&nbsp;&nbsp;</TD>
</TR>
<TR BGCOLOR="white" CLASS="TableRowColor">
<TD ALIGN="right" VALIGN="top" WIDTH="1%"><FONT SIZE="-1">
<CODE>(package private) &nbsp;int</CODE></FONT></TD>
<TD><CODE><STRONG><A HREF="PP.html#i">i</A></STRONG></CODE>

<BR>
&nbsp;&nbsp;&nbsp;&nbsp;&nbsp;&nbsp;&nbsp;&nbsp;&nbsp;&nbsp;&nbsp;</TD>
</TR>
<TR BGCOLOR="white" CLASS="TableRowColor">
<TD ALIGN="right" VALIGN="top" WIDTH="1%"><FONT SIZE="-1">
<CODE>(package private) &nbsp;java.util.List</CODE></FONT></TD>
<TD><CODE><STRONG><A HREF="PP.html#list">list</A></STRONG></CODE>

<BR>
&nbsp;&nbsp;&nbsp;&nbsp;&nbsp;&nbsp;&nbsp;&nbsp;&nbsp;&nbsp;&nbsp;</TD>
</TR>
<TR BGCOLOR="white" CLASS="TableRowColor">
<TD ALIGN="right" VALIGN="top" WIDTH="1%"><FONT SIZE="-1">
<CODE>(package private) &nbsp;java.lang.Object</CODE></FONT></TD>
<TD><CODE><STRONG><A HREF="PP.html#o">o</A></STRONG></CODE>

<BR>
&nbsp;&nbsp;&nbsp;&nbsp;&nbsp;&nbsp;&nbsp;&nbsp;&nbsp;&nbsp;&nbsp;</TD>
</TR>
<TR BGCOLOR="white" CLASS="TableRowColor">
<TD ALIGN="right" VALIGN="top" WIDTH="1%"><FONT SIZE="-1">
<CODE>(package private) &nbsp;<A HREF="PP.html" title="class in &lt;Unnamed&gt;">PP</A></CODE></FONT></TD>
<TD><CODE><STRONG><A HREF="PP.html#p">p</A></STRONG></CODE>

<BR>
&nbsp;&nbsp;&nbsp;&nbsp;&nbsp;&nbsp;&nbsp;&nbsp;&nbsp;&nbsp;&nbsp;</TD>
</TR>
</TABLE>
&nbsp;
<TABLE BORDER="1" WIDTH="100%" CELLPADDING="3" CELLSPACING="0" SUMMARY="">
<TR BGCOLOR="#CCCCFF" CLASS="TableHeadingColor">
<TH ALIGN="left" COLSPAN="2"><FONT SIZE="+2">
<CAPTION CLASS="TableCaption">
<STRONG>JML Ghost and Model Field Summary</STRONG></FONT></TH>
</TR>
</CAPTION>
<TR>
<TH CLASS="TableHeader" SCOPE="col" NOWRAP>Modifier and Type</TH>
<TH CLASS="TableHeader" SCOPE="col" NOWRAP>Field and Description</TH>
</TR>
<TR BGCOLOR="white" CLASS="TableRowColor">
<TD ALIGN="right" VALIGN="top" WIDTH="1%"><FONT SIZE="-1">
<CODE><FONT SIZE="-1">@Model
</FONT>(package private) &nbsp;int</CODE></FONT></TD>
<TD><CODE><STRONG><A HREF="PP.html#modelM">modelM</A></STRONG></CODE>

<BR>
&nbsp;&nbsp;&nbsp;&nbsp;&nbsp;&nbsp;&nbsp;&nbsp;&nbsp;&nbsp;&nbsp;</TD>
</TR>
<TR BGCOLOR="white" CLASS="TableRowColor">
<TD ALIGN="right" VALIGN="top" WIDTH="1%"><FONT SIZE="-1">
<CODE><FONT SIZE="-1">@Model
</FONT>(package private) &nbsp;int</CODE></FONT></TD>
<TD><CODE><STRONG><A HREF="PP.html#modelM2">modelM2</A></STRONG></CODE>

<BR>
&nbsp;&nbsp;&nbsp;&nbsp;&nbsp;&nbsp;&nbsp;&nbsp;&nbsp;&nbsp;&nbsp;</TD>
</TR>
</TABLE>
&nbsp;<A NAME="fields_inherited_from_class_QQ"><!-- --></A>
<TABLE BORDER="1" WIDTH="100%" CELLPADDING="3" CELLSPACING="0" SUMMARY="">
<TR BGCOLOR="#EEEEFF" CLASS="TableSubHeadingColor">
<TH ALIGN="left"><STRONG>Fields inherited from class <A HREF="QQ.html" title="class in &lt;Unnamed&gt;">QQ</A></STRONG></TH>
</TR>
<TR BGCOLOR="white" CLASS="TableRowColor">
<TD><CODE><A HREF="QQ.html#qq">qq</A></CODE></TD>
</TR>
</TABLE>
&nbsp;
<!-- ======== CONSTRUCTOR SUMMARY ======== -->

<A NAME="constructor_summary"><!-- --></A>
<TABLE BORDER="1" WIDTH="100%" CELLPADDING="3" CELLSPACING="0" SUMMARY="Constructor Summary table, listing constructors, and an explanation">
<CAPTION CLASS="TableCaption">
Constructor Summary</CAPTION>
<TR>
<TH CLASS="TableHeader" SCOPE="col" NOWRAP>Constructor and Description</TH>
</TR>
<TR BGCOLOR="white" CLASS="TableRowColor">
<TD><CODE><STRONG><A HREF="PP.html#PP()">PP</A></STRONG>()</CODE>

<BR>
&nbsp;&nbsp;&nbsp;&nbsp;&nbsp;&nbsp;&nbsp;&nbsp;&nbsp;&nbsp;&nbsp;</TD>
</TR>
</TABLE>
&nbsp;
<!-- ========== METHOD SUMMARY =========== -->

<A NAME="method_summary"><!-- --></A>
<TABLE BORDER="1" WIDTH="100%" CELLPADDING="3" CELLSPACING="0" SUMMARY="Method Summary table, listing methods, and an explanation">
<CAPTION CLASS="TableCaption">
Method Summary</CAPTION>
<TR>
<TH CLASS="TableHeader" SCOPE="col" NOWRAP>Modifier and Type</TH>
<TH CLASS="TableHeader" SCOPE="col" NOWRAP>Method and Description</TH>
</TR>
<TR BGCOLOR="white" CLASS="TableRowColor">
<TD ALIGN="right" VALIGN="top" WIDTH="1%"><FONT SIZE="-1">
<CODE>(package private) &nbsp;int</CODE></FONT></TD>
<TD><CODE><STRONG><A HREF="PP.html#m()">m</A></STRONG>()</CODE>

<BR>
&nbsp;&nbsp;&nbsp;&nbsp;&nbsp;&nbsp;&nbsp;&nbsp;&nbsp;&nbsp;&nbsp;</TD>
</TR>
<TR BGCOLOR="white" CLASS="TableRowColor">
<TD ALIGN="right" VALIGN="top" WIDTH="1%"><FONT SIZE="-1">
<CODE>(package private) &nbsp;int</CODE></FONT></TD>
<TD><CODE><STRONG><A HREF="PP.html#mm()">mm</A></STRONG>()</CODE>

<BR>
&nbsp;&nbsp;&nbsp;&nbsp;&nbsp;&nbsp;&nbsp;&nbsp;&nbsp;&nbsp;&nbsp;</TD>
</TR>
<TR BGCOLOR="white" CLASS="TableRowColor">
<TD ALIGN="right" VALIGN="top" WIDTH="1%"><FONT SIZE="-1">
<CODE>(package private) &nbsp;int</CODE></FONT></TD>
<TD><CODE><STRONG><A HREF="PP.html#mq(int, boolean, java.lang.Object)">mq</A></STRONG>(int&nbsp;a,
   boolean&nbsp;b,
   java.lang.Object&nbsp;o)</CODE>

<BR>
&nbsp;&nbsp;&nbsp;&nbsp;&nbsp;&nbsp;&nbsp;&nbsp;&nbsp;&nbsp;&nbsp;</TD>
</TR>
<TR BGCOLOR="white" CLASS="TableRowColor">
<TD ALIGN="right" VALIGN="top" WIDTH="1%"><FONT SIZE="-1">
<CODE>(package private) &nbsp;void</CODE></FONT></TD>
<TD><CODE><STRONG><A HREF="PP.html#qq()">qq</A></STRONG>()</CODE>

<BR>
&nbsp;&nbsp;&nbsp;&nbsp;&nbsp;&nbsp;&nbsp;&nbsp;&nbsp;&nbsp;&nbsp;</TD>
</TR>
<TR BGCOLOR="white" CLASS="TableRowColor">
<TD ALIGN="right" VALIGN="top" WIDTH="1%"><FONT SIZE="-1">
<CODE>(package private) &nbsp;void</CODE></FONT></TD>
<TD><CODE><STRONG><A HREF="PP.html#qq1()">qq1</A></STRONG>()</CODE>

<BR>
&nbsp;&nbsp;&nbsp;&nbsp;&nbsp;&nbsp;&nbsp;&nbsp;&nbsp;&nbsp;&nbsp;</TD>
</TR>
<TR BGCOLOR="white" CLASS="TableRowColor">
<TD ALIGN="right" VALIGN="top" WIDTH="1%"><FONT SIZE="-1">
<CODE>(package private) &nbsp;void</CODE></FONT></TD>
<TD><CODE><STRONG><A HREF="PP.html#qq2()">qq2</A></STRONG>()</CODE>

<BR>
&nbsp;&nbsp;&nbsp;&nbsp;&nbsp;&nbsp;&nbsp;&nbsp;&nbsp;&nbsp;&nbsp;</TD>
</TR>
<TR BGCOLOR="white" CLASS="TableRowColor">
<TD ALIGN="right" VALIGN="top" WIDTH="1%"><FONT SIZE="-1">
<CODE>(package private) &nbsp;void</CODE></FONT></TD>
<TD><CODE><STRONG><A HREF="PP.html#sp()">sp</A></STRONG>()</CODE>

<BR>
&nbsp;&nbsp;&nbsp;&nbsp;&nbsp;&nbsp;&nbsp;&nbsp;&nbsp;&nbsp;&nbsp;</TD>
</TR>
<TR BGCOLOR="white" CLASS="TableRowColor">
<TD ALIGN="right" VALIGN="top" WIDTH="1%"><FONT SIZE="-1">
<CODE>(package private) &nbsp;void</CODE></FONT></TD>
<TD><CODE><STRONG><A HREF="PP.html#z()">z</A></STRONG>()</CODE>

<BR>
&nbsp;&nbsp;&nbsp;&nbsp;&nbsp;&nbsp;&nbsp;&nbsp;&nbsp;&nbsp;&nbsp;</TD>
</TR>
</TABLE>
&nbsp;<A NAME="methods_inherited_from_class_QQ"><!-- --></A>
<TABLE BORDER="1" WIDTH="100%" CELLPADDING="3" CELLSPACING="0" SUMMARY="">
<TR BGCOLOR="#EEEEFF" CLASS="TableSubHeadingColor">
<TH ALIGN="left"><STRONG>Methods inherited from class <A HREF="QQ.html" title="class in &lt;Unnamed&gt;">QQ</A></STRONG></TH>
</TR>
<TR BGCOLOR="white" CLASS="TableRowColor">
<TD><CODE><A HREF="QQ.html#bb()">bb</A></CODE></TD>
</TR>
</TABLE>
&nbsp;<A NAME="methods_inherited_from_class_java.lang.Object"><!-- --></A>
<TABLE BORDER="1" WIDTH="100%" CELLPADDING="3" CELLSPACING="0" SUMMARY="">
<TR BGCOLOR="#EEEEFF" CLASS="TableSubHeadingColor">
<TH ALIGN="left"><STRONG>Methods inherited from class java.lang.Object</STRONG></TH>
</TR>
<TR BGCOLOR="white" CLASS="TableRowColor">
<TD><CODE>clone, equals, finalize, getClass, hashCode, notify, notifyAll, toString, wait, wait, wait</CODE></TD>
</TR>
</TABLE>
&nbsp;
<P>

<!-- ============ FIELD DETAIL =========== -->

<A NAME="field_detail"><!-- --></A>
<TABLE BORDER="1" WIDTH="100%" CELLPADDING="3" CELLSPACING="0" SUMMARY="">
<TR BGCOLOR="#CCCCFF" CLASS="TableHeadingColor">
<TH ALIGN="left" COLSPAN="1"><FONT SIZE="+2">
<STRONG>Field Detail</STRONG></FONT></TH>
</TR>
</TABLE>

<A NAME="i"><!-- --></A><H3>
i</H3>
<PRE>
int <STRONG>i</STRONG></PRE>
<STRONG>JML Specifications: </STRONG><DL>
<PRE>     readable i if true; 
     writable i if true; 
     monitors_for i = o; 
</PRE>
</DL>
<HR>

<A NAME="b"><!-- --></A><H3>
b</H3>
<PRE>
boolean <STRONG>b</STRONG></PRE>
<HR>

<A NAME="o"><!-- --></A><H3>
o</H3>
<PRE>
java.lang.Object <STRONG>o</STRONG></PRE>
<HR>

<A NAME="p"><!-- --></A><H3>
p</H3>
<PRE>
<A HREF="PP.html" title="class in &lt;Unnamed&gt;">PP</A> <STRONG>p</STRONG></PRE>
<STRONG>JML Specifications: </STRONG><DL>
<PRE>    maps p.i \into modelM; 
</PRE>
</DL>
<HR>

<A NAME="a"><!-- --></A><H3>
a</H3>
<PRE>
int[] <STRONG>a</STRONG></PRE>
<HR>

<A NAME="list"><!-- --></A><H3>
list</H3>
<PRE>
java.util.List <STRONG>list</STRONG></PRE>

<TABLE BORDER="1" WIDTH="100%" CELLPADDING="3" CELLSPACING="0" SUMMARY="">
<TR BGCOLOR="#CCCCFF" CLASS="TableHeadingColor">
<TH ALIGN="left" COLSPAN="1"><FONT SIZE="+2">
<STRONG>JML Model Field Detail</STRONG></FONT></TH>
</TR>
</TABLE>

<A NAME="modelM"><!-- --></A><H3>
modelM</H3>
<PRE>
<FONT SIZE="-1">@Model
</FONT>int <STRONG>modelM</STRONG></PRE>
<DD>&nbsp;
<P>
<STRONG>JML Specifications: </STRONG> @Model<DL>
<PRE>    represents modelM = 20; 
</PRE>
</DL>
</DD>
<HR>

<A NAME="modelM2"><!-- --></A><H3>
modelM2</H3>
<PRE>
<FONT SIZE="-1">@Model
</FONT>int <STRONG>modelM2</STRONG></PRE>
<DD>&nbsp;
<P>
<STRONG>JML Specifications: </STRONG> @Model<DL>
<PRE>    in modelM; 
</PRE>
</DL>
</DD>

<!-- ========= CONSTRUCTOR DETAIL ======== -->

<A NAME="constructor_detail"><!-- --></A>
<TABLE BORDER="1" WIDTH="100%" CELLPADDING="3" CELLSPACING="0" SUMMARY="">
<TR BGCOLOR="#CCCCFF" CLASS="TableHeadingColor">
<TH ALIGN="left" COLSPAN="1"><FONT SIZE="+2">
<STRONG>Constructor Detail</STRONG></FONT></TH>
</TR>
</TABLE>

<A NAME="PP()"><!-- --></A><H3>
PP</H3>
<PRE>
public <STRONG>PP</STRONG>()</PRE>

<BR>

<!-- ============ METHOD DETAIL ========== -->

<A NAME="method_detail"><!-- --></A>
<TABLE BORDER="1" WIDTH="100%" CELLPADDING="3" CELLSPACING="0" SUMMARY="">
<TR BGCOLOR="#CCCCFF" CLASS="TableHeadingColor">
<TH ALIGN="left" COLSPAN="1"><FONT SIZE="+2">
<STRONG>Method Detail</STRONG></FONT></TH>
</TR>
</TABLE>

<A NAME="m()"><!-- --></A><H3>
m</H3>
<PRE>
int <STRONG>m</STRONG>()</PRE>

<BR>
<STRONG>JML Method Specifications: </STRONG> @Pure<PRE>

</PRE>
<HR>

<A NAME="mq(int, boolean, java.lang.Object)"><!-- --></A><H3>
mq</H3>
<PRE>
int <STRONG>mq</STRONG>(int&nbsp;a,
       boolean&nbsp;b,
       java.lang.Object&nbsp;o)</PRE>

<BR>
<STRONG>JML Method Specifications: </STRONG> @Pure<PRE>

</PRE>
<HR>

<A NAME="mm()"><!-- --></A><H3>
mm</H3>
<PRE>
int <STRONG>mm</STRONG>()</PRE>

<BR>
<STRONG>JML Method Specifications: </STRONG><PRE>
    ensures \result > 0 && !\nonnullelements(a) && \elemtype(\typeof(a)) == \type(int); 
    ensures \duration(m()) > 0 && \space(o) > 0 && \working_space(m()) > 0; 
    ensures \fresh(a) && \fresh(a, o); 
    ensures \max(\lockset) == a; 
    ensures \max(\lockset).hashCode() != 0; 
    ensures \not_modified(i,o); 
    ensures \not_modified(a[1 .. *]); 
    ensures \not_assigned(\nothing) || \only_accessed(\nothing) || \only_captured(\nothing) || \only_assigned(\nothing); 
    ensures \not_assigned(\everything) || \only_accessed(\everything) || \only_captured(\everything) || \only_assigned(\everything); 
    ensures \not_assigned(i) || \only_accessed(i) || \only_captured(i) || \only_assigned(i); 
    ensures \not_assigned(i,a[1 .. *]) || \only_accessed(i,a[1 .. *]) || \only_captured(i,a[*]) || \only_assigned(i,o.*); 
    ensures \not_assigned(\not_specified) || \only_accessed(\not_specified) || \only_captured(\not_specified) || \only_assigned(\not_specified); 

</PRE>
<HR>

<A NAME="qq()"><!-- --></A><H3>
qq</H3>
<PRE>
void <STRONG>qq</STRONG>()</PRE>

<BR>
<STRONG>JML Method Specifications: </STRONG><PRE>
    requires \same; 
    requires true; 
    requires true; 
    ensures false; 
    ensures true; 
    signals (Exception e) true; 
    signals (Exception) false; 
    signals_only Exception; 
    diverges true; 
    assignable i; 
    assignable \nothing; 
    assignable p.i, p.*, this.*, super.*, PP.*; 
    assignable i, o, a, a[*], a[1], a[1 .. 2], a[1 .. *], a[1 .. *]; 
    assignable \everything; 
    accessible \nothing; 
    accessible \everything; 
    accessible i, PP.*; 
    callable (ERROR); 
    callable (ERROR); 
    callable (ERROR); 
    measured_by 10; 
    measured_by 20 if false; 
    captures i, a[*]; 
    captures \nothing; 
    captures \everything; 
    duration 0; 
    duration 0 if true; 
    working_space 0; 
    working_space 0 if true; 
    when false; 

</PRE>
<HR>

<A NAME="qq1()"><!-- --></A><H3>
qq1</H3>
<PRE>
void <STRONG>qq1</STRONG>()</PRE>

<BR>
<STRONG>JML Method Specifications: </STRONG><PRE>
    signals_only Exception, java.lang.RuntimeException; 

</PRE>
<HR>

<A NAME="qq2()"><!-- --></A><H3>
qq2</H3>
<PRE>
void <STRONG>qq2</STRONG>()</PRE>

<BR>
<STRONG>JML Method Specifications: </STRONG><PRE>
    signals_only \nothing; 

</PRE>
<HR>

<A NAME="sp()"><!-- --></A><H3>
sp</H3>
<PRE>
void <STRONG>sp</STRONG>()</PRE>

<BR>
<STRONG>JML Method Specifications: </STRONG><PRE>
    requires \not_specified; 
    ensures \not_specified; 
    diverges \not_specified; 
    signals (Exception) \not_specified; 
    assignable \not_specified; 
    accessible \not_specified; 
    callable (ERROR); 
    when \not_specified; 
    measured_by \not_specified; 
    duration \not_specified; 
    working_space \not_specified; 
    captures \not_specified; 

</PRE>
<HR>

<A NAME="z()"><!-- --></A><H3>
z</H3>
<PRE>
void <STRONG>z</STRONG>()</PRE>

<BR>
<STRONG>JML Method Specifications: </STRONG><PRE>
  normal_behavior
    requires true; 
         {|
      ensures false; 
      diverges true; 
         also
      ensures true; 
      diverges true; 
         |}
  exceptional_behavior
    requires false; 
    signals (Exception) true; 
  model_program{
  int x = 0;
  x++;
  ++x;
  x--;
  --x;
  x = 1;
  x += 1;
  x -= 1;
  x *= 1;
  x /= 1;
  x %= 1;
  x <<= 1;
  x >>= 1;
  x >>>= 1;
  x |= 1;
  x &= 1;
  x ^= 1;
  if (true) x = 1;
  if (true) {
    x = 1;
  } else {
    x = 2;
  }
  while (true) {
    x = 1;
    if (x == 2) continue;
    if (x == 3) break;
  }
  do x = 1;   while (true);
  switch (x) {
  case 1: 
    x = 2;
    break;
  
  default: 
    x = 3;
  
  }
  ;
  assume Assume true;
  assert Assert true;
  ;
  ;
    behavior
    requires true; 
    ensures false; 

    abrupt_behavior
    requires false; 
    continues true; 
    breaks true; 
    returns true; 

  invariant false; 
}
</PRE>
<!-- ========= END OF CLASS DATA ========= -->
<HR>


<!-- ======= START OF BOTTOM NAVBAR ====== -->
<A NAME="navbar_bottom"><!-- --></A>
<A HREF="#skip-navbar_bottom" title="Skip navigation links"></A>
<TABLE BORDER="0" WIDTH="100%" CELLPADDING="1" CELLSPACING="0" SUMMARY="">
<TR>
<TD COLSPAN=2 BGCOLOR="#EEEEFF" CLASS="NavBarCell1">
<A NAME="navbar_bottom_firstrow"><!-- --></A>
<TABLE BORDER="0" CELLPADDING="0" CELLSPACING="3" SUMMARY="">
  <TR ALIGN="center" VALIGN="top">
  <TD BGCOLOR="#EEEEFF" CLASS="NavBarCell1">    <A HREF="package-summary.html"><FONT CLASS="NavBarFont1"><STRONG>Package</STRONG></FONT></A>&nbsp;</TD>
  <TD BGCOLOR="#FFFFFF" CLASS="NavBarCell1Rev"> &nbsp;<FONT CLASS="NavBarFont1Rev"><STRONG>Class</STRONG></FONT>&nbsp;</TD>
  <TD BGCOLOR="#EEEEFF" CLASS="NavBarCell1">    <A HREF="package-tree.html"><FONT CLASS="NavBarFont1"><STRONG>Tree</STRONG></FONT></A>&nbsp;</TD>
  <TD BGCOLOR="#EEEEFF" CLASS="NavBarCell1">    <A HREF="deprecated-list.html"><FONT CLASS="NavBarFont1"><STRONG>Deprecated</STRONG></FONT></A>&nbsp;</TD>
  <TD BGCOLOR="#EEEEFF" CLASS="NavBarCell1">    <A HREF="index-all.html"><FONT CLASS="NavBarFont1"><STRONG>Index</STRONG></FONT></A>&nbsp;</TD>
  <TD BGCOLOR="#EEEEFF" CLASS="NavBarCell1">    <A HREF="help-doc.html"><FONT CLASS="NavBarFont1"><STRONG>Help</STRONG></FONT></A>&nbsp;</TD>
  </TR>
</TABLE>
</TD>
<TD ALIGN="right" VALIGN="top" ROWSPAN=3><EM>
</EM>
</TD>
</TR>

<TR>
<TD BGCOLOR="white" CLASS="NavBarCell2"><FONT SIZE="-2">
&nbsp;PREV CLASS&nbsp;
&nbsp;<A HREF="QQ.html" title="class in &lt;Unnamed&gt;"><STRONG>NEXT CLASS</STRONG></A></FONT></TD>
<TD BGCOLOR="white" CLASS="NavBarCell2"><FONT SIZE="-2">
  <A HREF="index.html?PP.html" target="_top"><STRONG>FRAMES</STRONG></A>  &nbsp;
&nbsp;<A HREF="PP.html" target="_top"><STRONG>NO FRAMES</STRONG></A>  &nbsp;
&nbsp;<SCRIPT type="text/javascript">
  <!--
  if(window==top) {
    document.writeln('<A HREF="allclasses-noframe.html"><STRONG>All Classes</STRONG></A>');
  }
  //-->
</SCRIPT>
<NOSCRIPT>
  <A HREF="allclasses-noframe.html"><STRONG>All Classes</STRONG></A>
</NOSCRIPT>


</FONT></TD>
</TR>
<TR>
<TD VALIGN="top" CLASS="NavBarCell3"><FONT SIZE="-2">
  SUMMARY:&nbsp;NESTED&nbsp;|&nbsp;<A HREF="#field_summary">FIELD</A>&nbsp;|&nbsp;<A HREF="#constructor_summary">CONSTR</A>&nbsp;|&nbsp;<A HREF="#method_summary">METHOD</A></FONT></TD>
<TD VALIGN="top" CLASS="NavBarCell3"><FONT SIZE="-2">
DETAIL:&nbsp;<A HREF="#field_detail">FIELD</A>&nbsp;|&nbsp;<A HREF="#constructor_detail">CONSTR</A>&nbsp;|&nbsp;<A HREF="#method_detail">METHOD</A></FONT></TD>
</TR>
</TABLE>
<A NAME="skip-navbar_bottom"></A>
<!-- ======== END OF BOTTOM NAVBAR ======= -->

<HR>

</BODY>
</HTML>
