<!DOCTYPE HTML PUBLIC "-//W3C//DTD HTML 4.01 Transitional//EN" "http://www.w3.org/TR/html4/loose.dtd">
<!--NewPage-->
<HTML lang="en">
<HEAD>
<TITLE>
Vis
</TITLE>


<LINK REL ="stylesheet" TYPE="text/css" HREF="stylesheet.css" TITLE="Style">

<SCRIPT type="text/javascript">
function windowTitle()
{
    if (location.href.indexOf('is-external=true') == -1) {
        parent.document.title="Vis";
    }
}
</SCRIPT>
<NOSCRIPT>
</NOSCRIPT>

</HEAD>

<BODY BGCOLOR="white" onload="windowTitle();">
<HR>


<!-- ========= START OF TOP NAVBAR ======= -->
<A NAME="navbar_top"><!-- --></A>
<A HREF="#skip-navbar_top" title="Skip navigation links"></A>
<TABLE BORDER="0" WIDTH="100%" CELLPADDING="1" CELLSPACING="0" SUMMARY="">
<TR>
<TD COLSPAN=2 BGCOLOR="#EEEEFF" CLASS="NavBarCell1">
<A NAME="navbar_top_firstrow"><!-- --></A>
<TABLE BORDER="0" CELLPADDING="0" CELLSPACING="3" SUMMARY="">
  <TR ALIGN="center" VALIGN="top">
  <TD BGCOLOR="#EEEEFF" CLASS="NavBarCell1">    <A HREF="overview-summary.html"><FONT CLASS="NavBarFont1"><STRONG>Overview</STRONG></FONT></A>&nbsp;</TD>
  <TD BGCOLOR="#EEEEFF" CLASS="NavBarCell1">    <A HREF="package-summary.html"><FONT CLASS="NavBarFont1"><STRONG>Package</STRONG></FONT></A>&nbsp;</TD>
  <TD BGCOLOR="#FFFFFF" CLASS="NavBarCell1Rev"> &nbsp;<FONT CLASS="NavBarFont1Rev"><STRONG>Class</STRONG></FONT>&nbsp;</TD>
  <TD BGCOLOR="#EEEEFF" CLASS="NavBarCell1">    <A HREF="package-tree.html"><FONT CLASS="NavBarFont1"><STRONG>Tree</STRONG></FONT></A>&nbsp;</TD>
  <TD BGCOLOR="#EEEEFF" CLASS="NavBarCell1">    <A HREF="deprecated-list.html"><FONT CLASS="NavBarFont1"><STRONG>Deprecated</STRONG></FONT></A>&nbsp;</TD>
  <TD BGCOLOR="#EEEEFF" CLASS="NavBarCell1">    <A HREF="index-all.html"><FONT CLASS="NavBarFont1"><STRONG>Index</STRONG></FONT></A>&nbsp;</TD>
  <TD BGCOLOR="#EEEEFF" CLASS="NavBarCell1">    <A HREF="help-doc.html"><FONT CLASS="NavBarFont1"><STRONG>Help</STRONG></FONT></A>&nbsp;</TD>
  </TR>
</TABLE>
</TD>
<TD ALIGN="right" VALIGN="top" ROWSPAN=3><EM>
</EM>
</TD>
</TR>

<TR>
<TD BGCOLOR="white" CLASS="NavBarCell2"><FONT SIZE="-2">
&nbsp;<A HREF="Q.html" title="class in &lt;Unnamed&gt;"><STRONG>PREV CLASS</STRONG></A>&nbsp;
&nbsp;<A HREF="Vis.C_protected.html" title="class in &lt;Unnamed&gt;"><STRONG>NEXT CLASS</STRONG></A></FONT></TD>
<TD BGCOLOR="white" CLASS="NavBarCell2"><FONT SIZE="-2">
  <A HREF="index.html?Vis.html" target="_top"><STRONG>FRAMES</STRONG></A>  &nbsp;
&nbsp;<A HREF="Vis.html" target="_top"><STRONG>NO FRAMES</STRONG></A>  &nbsp;
&nbsp;<SCRIPT type="text/javascript">
  <!--
  if(window==top) {
    document.writeln('<A HREF="allclasses-noframe.html"><STRONG>All Classes</STRONG></A>');
  }
  //-->
</SCRIPT>
<NOSCRIPT>
  <A HREF="allclasses-noframe.html"><STRONG>All Classes</STRONG></A>
</NOSCRIPT>


</FONT></TD>
</TR>
<TR>
<TD VALIGN="top" CLASS="NavBarCell3"><FONT SIZE="-2">
  SUMMARY:&nbsp;<A HREF="#nested_class_summary">NESTED</A>&nbsp;|&nbsp;<A HREF="#field_summary">FIELD</A>&nbsp;|&nbsp;<A HREF="#constructor_summary">CONSTR</A>&nbsp;|&nbsp;<A HREF="#method_summary">METHOD</A></FONT></TD>
<TD VALIGN="top" CLASS="NavBarCell3"><FONT SIZE="-2">
DETAIL:&nbsp;<A HREF="#field_detail">FIELD</A>&nbsp;|&nbsp;<A HREF="#constructor_detail">CONSTR</A>&nbsp;|&nbsp;<A HREF="#method_detail">METHOD</A></FONT></TD>
</TR>
</TABLE>
<A NAME="skip-navbar_top"></A>
<!-- ========= END OF TOP NAVBAR ========= -->

<HR>
<!-- ======== START OF CLASS DATA ======== -->
<H2>
Class Vis</H2>
<PRE>
java.lang.Object
  <IMG SRC="./resources/inherit.gif" ALT="extended by "><A HREF="tp/PVis.html" title="class in tp">tp.PVis</A>
      <IMG SRC="./resources/inherit.gif" ALT="extended by "><STRONG>Vis</STRONG>
</PRE>
<HR>
<PRE>public class <STRONG>Vis</STRONG>
extends <A HREF="tp/PVis.html" title="class in tp">PVis</A></PRE>

<P>

<P>
<HR>

<P>
<!-- ======== NESTED CLASS SUMMARY ======== -->

<A NAME="nested_class_summary"><!-- --></A>
<TABLE BORDER="1" WIDTH="100%" CELLPADDING="3" CELLSPACING="0" SUMMARY="Nested Class Summary table, listing nested classes, and an explanation">
<CAPTION CLASS="TableCaption">
Nested Class Summary</CAPTION>
<TR>
<TH CLASS="TableHeader" SCOPE="col" NOWRAP>Modifier and Type</TH>
<TH CLASS="TableHeader" SCOPE="col" NOWRAP>Class and Description</TH>
</TR>
<TR BGCOLOR="white" CLASS="TableRowColor">
<TD ALIGN="right" VALIGN="top" WIDTH="1%"><FONT SIZE="-1">
<CODE>protected static&nbsp;class</CODE></FONT></TD>
<TD><CODE><STRONG>SVis.Cs_protected</STRONG></CODE>

<BR>
&nbsp;&nbsp;&nbsp;&nbsp;&nbsp;&nbsp;&nbsp;&nbsp;&nbsp;&nbsp;&nbsp;</TD>
</TR>
<TR BGCOLOR="white" CLASS="TableRowColor">
<TD ALIGN="right" VALIGN="top" WIDTH="1%"><FONT SIZE="-1">
<CODE>static&nbsp;class</CODE></FONT></TD>
<TD><CODE><STRONG>SVis.Cs_public</STRONG></CODE>

<BR>
&nbsp;&nbsp;&nbsp;&nbsp;&nbsp;&nbsp;&nbsp;&nbsp;&nbsp;&nbsp;&nbsp;</TD>
</TR>
<TR BGCOLOR="white" CLASS="TableRowColor">
<TD ALIGN="right" VALIGN="top" WIDTH="1%"><FONT SIZE="-1">
<CODE>protected static&nbsp;class</CODE></FONT></TD>
<TD><CODE><STRONG><A HREF="Vis.C_protected.html" title="class in &lt;Unnamed&gt;">Vis.C_protected</A></STRONG></CODE>

<BR>
&nbsp;&nbsp;&nbsp;&nbsp;&nbsp;&nbsp;&nbsp;&nbsp;&nbsp;&nbsp;&nbsp;</TD>
</TR>
<TR BGCOLOR="white" CLASS="TableRowColor">
<TD ALIGN="right" VALIGN="top" WIDTH="1%"><FONT SIZE="-1">
<CODE>static&nbsp;class</CODE></FONT></TD>
<TD><CODE><STRONG><A HREF="Vis.C_public.html" title="class in &lt;Unnamed&gt;">Vis.C_public</A></STRONG></CODE>

<BR>
&nbsp;&nbsp;&nbsp;&nbsp;&nbsp;&nbsp;&nbsp;&nbsp;&nbsp;&nbsp;&nbsp;</TD>
</TR>
</TABLE>
&nbsp;
<TABLE BORDER="1" WIDTH="100%" CELLPADDING="3" CELLSPACING="0" SUMMARY="">
<TR BGCOLOR="#CCCCFF" CLASS="TableHeadingColor">
<TH ALIGN="left" COLSPAN="2"><FONT SIZE="+2">
<STRONG>JML Nested Model Class Summary</STRONG></FONT></TH>
</TR>
<TR BGCOLOR="white" CLASS="TableRowColor">
<TD ALIGN="right" VALIGN="top" WIDTH="1%"><FONT SIZE="-1">
<CODE><FONT SIZE="-1">@Model
</FONT>protected static&nbsp;class</CODE></FONT></TD>
<TD><CODE><STRONG>Vis.D_protected</STRONG></CODE>

<BR>
&nbsp;&nbsp;&nbsp;&nbsp;&nbsp;&nbsp;&nbsp;&nbsp;&nbsp;&nbsp;&nbsp;</TD>
</TR>
<TR BGCOLOR="white" CLASS="TableRowColor">
<TD ALIGN="right" VALIGN="top" WIDTH="1%"><FONT SIZE="-1">
<CODE><FONT SIZE="-1">@Model
</FONT>static&nbsp;class</CODE></FONT></TD>
<TD><CODE><STRONG>Vis.D_public</STRONG></CODE>

<BR>
&nbsp;&nbsp;&nbsp;&nbsp;&nbsp;&nbsp;&nbsp;&nbsp;&nbsp;&nbsp;&nbsp;</TD>
</TR>
</TABLE>
&nbsp;<A NAME="nested_classes_inherited_from_class_tp.PVis"><!-- --></A>
<TABLE BORDER="1" WIDTH="100%" CELLPADDING="3" CELLSPACING="0" SUMMARY="">
<TR BGCOLOR="#EEEEFF" CLASS="TableSubHeadingColor">
<TH ALIGN="left"><STRONG>Nested classes/interfaces inherited from class tp.<A HREF="tp/PVis.html" title="class in tp">PVis</A></STRONG></TH>
</TR>
<TR BGCOLOR="white" CLASS="TableRowColor">
<TD><CODE><A HREF="tp/PVis.Cp_protected.html" title="class in tp">PVis.Cp_protected</A>, <A HREF="tp/PVis.Cp_public.html" title="class in tp">PVis.Cp_public</A></CODE></TD>
</TR>
</TABLE>
&nbsp;
<!-- =========== FIELD SUMMARY =========== -->

<A NAME="field_summary"><!-- --></A>
<TABLE BORDER="1" WIDTH="100%" CELLPADDING="3" CELLSPACING="0" SUMMARY="Field Summary table, listing fields, and an explanation">
<CAPTION CLASS="TableCaption">
Field Summary</CAPTION>
<TR>
<TH CLASS="TableHeader" SCOPE="col" NOWRAP>Modifier and Type</TH>
<TH CLASS="TableHeader" SCOPE="col" NOWRAP>Field and Description</TH>
</TR>
<TR BGCOLOR="white" CLASS="TableRowColor">
<TD ALIGN="right" VALIGN="top" WIDTH="1%"><FONT SIZE="-1">
<CODE>protected &nbsp;int</CODE></FONT></TD>
<TD><CODE><STRONG><A HREF="Vis.html#i_protected">i_protected</A></STRONG></CODE>

<BR>
&nbsp;&nbsp;&nbsp;&nbsp;&nbsp;&nbsp;&nbsp;&nbsp;&nbsp;&nbsp;&nbsp;</TD>
</TR>
<TR BGCOLOR="white" CLASS="TableRowColor">
<TD ALIGN="right" VALIGN="top" WIDTH="1%"><FONT SIZE="-1">
<CODE>&nbsp;int</CODE></FONT></TD>
<TD><CODE><STRONG><A HREF="Vis.html#i_public">i_public</A></STRONG></CODE>

<BR>
&nbsp;&nbsp;&nbsp;&nbsp;&nbsp;&nbsp;&nbsp;&nbsp;&nbsp;&nbsp;&nbsp;</TD>
</TR>
<TR BGCOLOR="white" CLASS="TableRowColor">
<TD ALIGN="right" VALIGN="top" WIDTH="1%"><FONT SIZE="-1">
<CODE>protected &nbsp;int</CODE></FONT></TD>
<TD><CODE><STRONG><A HREF="Vis.html#is_protected">is_protected</A></STRONG></CODE>

<BR>
&nbsp;&nbsp;&nbsp;&nbsp;&nbsp;&nbsp;&nbsp;&nbsp;&nbsp;&nbsp;&nbsp;</TD>
</TR>
<TR BGCOLOR="white" CLASS="TableRowColor">
<TD ALIGN="right" VALIGN="top" WIDTH="1%"><FONT SIZE="-1">
<CODE>&nbsp;int</CODE></FONT></TD>
<TD><CODE><STRONG><A HREF="Vis.html#is_public">is_public</A></STRONG></CODE>

<BR>
&nbsp;&nbsp;&nbsp;&nbsp;&nbsp;&nbsp;&nbsp;&nbsp;&nbsp;&nbsp;&nbsp;</TD>
</TR>
</TABLE>
&nbsp;
<TABLE BORDER="1" WIDTH="100%" CELLPADDING="3" CELLSPACING="0" SUMMARY="">
<TR BGCOLOR="#CCCCFF" CLASS="TableHeadingColor">
<TH ALIGN="left" COLSPAN="2"><FONT SIZE="+2">
<STRONG>JML Ghost and Model Field Summary</STRONG></FONT></TH>
</TR>
<TR BGCOLOR="white" CLASS="TableRowColor">
<TD ALIGN="right" VALIGN="top" WIDTH="1%"><FONT SIZE="-1">
<CODE><FONT SIZE="-1">@Ghost
</FONT>protected &nbsp;int</CODE></FONT></TD>
<TD><CODE><STRONG><A HREF="Vis.html#g_protected">g_protected</A></STRONG></CODE>

<BR>
&nbsp;&nbsp;&nbsp;&nbsp;&nbsp;&nbsp;&nbsp;&nbsp;&nbsp;&nbsp;&nbsp;</TD>
</TR>
<TR BGCOLOR="white" CLASS="TableRowColor">
<TD ALIGN="right" VALIGN="top" WIDTH="1%"><FONT SIZE="-1">
<CODE><FONT SIZE="-1">@Ghost
</FONT>&nbsp;int</CODE></FONT></TD>
<TD><CODE><STRONG><A HREF="Vis.html#g_public">g_public</A></STRONG></CODE>

<BR>
&nbsp;&nbsp;&nbsp;&nbsp;&nbsp;&nbsp;&nbsp;&nbsp;&nbsp;&nbsp;&nbsp;</TD>
</TR>
</TABLE>
&nbsp;<A NAME="fields_inherited_from_class_tp.PVis"><!-- --></A>
<TABLE BORDER="1" WIDTH="100%" CELLPADDING="3" CELLSPACING="0" SUMMARY="">
<TR BGCOLOR="#EEEEFF" CLASS="TableSubHeadingColor">
<TH ALIGN="left"><STRONG>Fields inherited from class tp.<A HREF="tp/PVis.html" title="class in tp">PVis</A></STRONG></TH>
</TR>
<TR BGCOLOR="white" CLASS="TableRowColor">
<TD><CODE><A HREF="tp/PVis.html#ip_protected">ip_protected</A>, <A HREF="tp/PVis.html#ip_public">ip_public</A>
<BR>
<STRONG>Inherited JML ghost and model fields: </STRONG><A HREF="tp/PVis.html#gp_protected">gp_protected</A>, <A HREF="tp/PVis.html#gp_public">gp_public</A></CODE></TD>
</TR>
</TABLE>
&nbsp;
<!-- ======== CONSTRUCTOR SUMMARY ======== -->

<A NAME="constructor_summary"><!-- --></A>
<TABLE BORDER="1" WIDTH="100%" CELLPADDING="3" CELLSPACING="0" SUMMARY="Constructor Summary table, listing constructors, and an explanation">
<CAPTION CLASS="TableCaption">
Constructor Summary</CAPTION>
<TR>
<TH CLASS="TableHeader" SCOPE="col" NOWRAP>Modifier</TH>
<TH CLASS="TableHeader" SCOPE="col" NOWRAP>Constructor and Description</TH>
</TR>
<TR BGCOLOR="white" CLASS="TableRowColor">
<TD ALIGN="right" VALIGN="top" WIDTH="1%"><FONT SIZE="-1">
<CODE>&nbsp;</CODE></FONT></TD>
<TD><CODE><STRONG><A HREF="Vis.html#Vis()">Vis</A></STRONG>()</CODE>

<BR>
&nbsp;&nbsp;&nbsp;&nbsp;&nbsp;&nbsp;&nbsp;&nbsp;&nbsp;&nbsp;&nbsp;</TD>
</TR>
<TR BGCOLOR="white" CLASS="TableRowColor">
<TD ALIGN="right" VALIGN="top" WIDTH="1%"><FONT SIZE="-1">
<CODE>protected </CODE></FONT></TD>
<TD><CODE><STRONG><A HREF="Vis.html#Vis(int)">Vis</A></STRONG>(int&nbsp;i)</CODE>

<BR>
&nbsp;&nbsp;&nbsp;&nbsp;&nbsp;&nbsp;&nbsp;&nbsp;&nbsp;&nbsp;&nbsp;</TD>
</TR>
</TABLE>
&nbsp;
<TABLE BORDER="1" WIDTH="100%" CELLPADDING="3" CELLSPACING="0" SUMMARY="">
<TR BGCOLOR="#CCCCFF" CLASS="TableHeadingColor">
<TH ALIGN="left" COLSPAN="2"><FONT SIZE="+2">
<STRONG>JML Model Constructor Summary</STRONG></FONT></TH>
</TR>
<TR BGCOLOR="white" CLASS="TableRowColor">
<TD ALIGN="right" VALIGN="top" WIDTH="1%"><FONT SIZE="-1">
<CODE>protected </CODE></FONT></TD>
<TD><CODE><STRONG><A HREF="Vis.html#Vis(float)">Vis</A></STRONG>(float&nbsp;i)</CODE>

<BR>
&nbsp;&nbsp;&nbsp;&nbsp;&nbsp;&nbsp;&nbsp;&nbsp;&nbsp;&nbsp;&nbsp;</TD>
</TR>
<TR BGCOLOR="white" CLASS="TableRowColor">
<TD ALIGN="right" VALIGN="top" WIDTH="1%"><FONT SIZE="-1">
<CODE>&nbsp;</CODE></FONT></TD>
<TD><CODE><STRONG><A HREF="Vis.html#Vis(java.lang.Object)">Vis</A></STRONG>(java.lang.Object&nbsp;o)</CODE>

<BR>
&nbsp;&nbsp;&nbsp;&nbsp;&nbsp;&nbsp;&nbsp;&nbsp;&nbsp;&nbsp;&nbsp;</TD>
</TR>
</TABLE>
&nbsp;
<!-- ========== METHOD SUMMARY =========== -->

<A NAME="method_summary"><!-- --></A>
<TABLE BORDER="1" WIDTH="100%" CELLPADDING="3" CELLSPACING="0" SUMMARY="Method Summary table, listing methods, and an explanation">
<CAPTION CLASS="TableCaption">
Method Summary</CAPTION>
<TR>
<TH CLASS="TableHeader" SCOPE="col" NOWRAP>Modifier and Type</TH>
<TH CLASS="TableHeader" SCOPE="col" NOWRAP>Method and Description</TH>
</TR>
<TR BGCOLOR="white" CLASS="TableRowColor">
<TD ALIGN="right" VALIGN="top" WIDTH="1%"><FONT SIZE="-1">
<CODE>protected &nbsp;int</CODE></FONT></TD>
<TD><CODE><STRONG><A HREF="Vis.html#m_protected()">m_protected</A></STRONG>()</CODE>

<BR>
&nbsp;&nbsp;&nbsp;&nbsp;&nbsp;&nbsp;&nbsp;&nbsp;&nbsp;&nbsp;&nbsp;</TD>
</TR>
<TR BGCOLOR="white" CLASS="TableRowColor">
<TD ALIGN="right" VALIGN="top" WIDTH="1%"><FONT SIZE="-1">
<CODE>&nbsp;int</CODE></FONT></TD>
<TD><CODE><STRONG><A HREF="Vis.html#m_public()">m_public</A></STRONG>()</CODE>

<BR>
&nbsp;&nbsp;&nbsp;&nbsp;&nbsp;&nbsp;&nbsp;&nbsp;&nbsp;&nbsp;&nbsp;</TD>
</TR>
<TR BGCOLOR="white" CLASS="TableRowColor">
<TD ALIGN="right" VALIGN="top" WIDTH="1%"><FONT SIZE="-1">
<CODE>protected &nbsp;int</CODE></FONT></TD>
<TD><CODE><STRONG><A HREF="Vis.html#ms_protected()">ms_protected</A></STRONG>()</CODE>

<BR>
&nbsp;&nbsp;&nbsp;&nbsp;&nbsp;&nbsp;&nbsp;&nbsp;&nbsp;&nbsp;&nbsp;</TD>
</TR>
<TR BGCOLOR="white" CLASS="TableRowColor">
<TD ALIGN="right" VALIGN="top" WIDTH="1%"><FONT SIZE="-1">
<CODE>&nbsp;int</CODE></FONT></TD>
<TD><CODE><STRONG><A HREF="Vis.html#ms_public()">ms_public</A></STRONG>()</CODE>

<BR>
&nbsp;&nbsp;&nbsp;&nbsp;&nbsp;&nbsp;&nbsp;&nbsp;&nbsp;&nbsp;&nbsp;</TD>
</TR>
</TABLE>
&nbsp;
<TABLE BORDER="1" WIDTH="100%" CELLPADDING="3" CELLSPACING="0" SUMMARY="">
<TR BGCOLOR="#CCCCFF" CLASS="TableHeadingColor">
<TH ALIGN="left" COLSPAN="2"><FONT SIZE="+2">
<STRONG>JML Model Method Summary</STRONG></FONT></TH>
</TR>
<TR BGCOLOR="white" CLASS="TableRowColor">
<TD ALIGN="right" VALIGN="top" WIDTH="1%"><FONT SIZE="-1">
<CODE><FONT SIZE="-1">@Model
</FONT>protected &nbsp;int</CODE></FONT></TD>
<TD><CODE><STRONG><A HREF="Vis.html#q_protected()">q_protected</A></STRONG>()</CODE>

<BR>
&nbsp;&nbsp;&nbsp;&nbsp;&nbsp;&nbsp;&nbsp;&nbsp;&nbsp;&nbsp;&nbsp;</TD>
</TR>
<TR BGCOLOR="white" CLASS="TableRowColor">
<TD ALIGN="right" VALIGN="top" WIDTH="1%"><FONT SIZE="-1">
<CODE><FONT SIZE="-1">@Model
</FONT>&nbsp;int</CODE></FONT></TD>
<TD><CODE><STRONG><A HREF="Vis.html#q_public()">q_public</A></STRONG>()</CODE>

<BR>
&nbsp;&nbsp;&nbsp;&nbsp;&nbsp;&nbsp;&nbsp;&nbsp;&nbsp;&nbsp;&nbsp;</TD>
</TR>
</TABLE>
&nbsp;<A NAME="methods_inherited_from_class_tp.PVis"><!-- --></A>
<TABLE BORDER="1" WIDTH="100%" CELLPADDING="3" CELLSPACING="0" SUMMARY="">
<TR BGCOLOR="#EEEEFF" CLASS="TableSubHeadingColor">
<TH ALIGN="left"><STRONG>Methods inherited from class tp.<A HREF="tp/PVis.html" title="class in tp">PVis</A></STRONG></TH>
</TR>
<TR BGCOLOR="white" CLASS="TableRowColor">
<TD><CODE><A HREF="tp/PVis.html#mp_protected()">mp_protected</A>, <A HREF="tp/PVis.html#mp_public()">mp_public</A>
<BR>
<STRONG>Inherited JML model methods: </STRONG><A HREF="tp/PVis.html#qp_protected()">qp_protected</A>, <A HREF="tp/PVis.html#qp_public()">qp_public</A></CODE></TD>
</TR>
</TABLE>
&nbsp;<A NAME="methods_inherited_from_class_java.lang.Object"><!-- --></A>
<TABLE BORDER="1" WIDTH="100%" CELLPADDING="3" CELLSPACING="0" SUMMARY="">
<TR BGCOLOR="#EEEEFF" CLASS="TableSubHeadingColor">
<TH ALIGN="left"><STRONG>Methods inherited from class java.lang.Object</STRONG></TH>
</TR>
<TR BGCOLOR="white" CLASS="TableRowColor">
<TD><CODE>clone, equals, finalize, getClass, hashCode, notify, notifyAll, toString, wait, wait, wait</CODE></TD>
</TR>
</TABLE>
&nbsp;
<P>

<!-- ============ FIELD DETAIL =========== -->

<A NAME="field_detail"><!-- --></A>
<TABLE BORDER="1" WIDTH="100%" CELLPADDING="3" CELLSPACING="0" SUMMARY="">
<TR BGCOLOR="#CCCCFF" CLASS="TableHeadingColor">
<TH ALIGN="left" COLSPAN="1"><FONT SIZE="+2">
<STRONG>Field Detail</STRONG></FONT></TH>
</TR>
</TABLE>

<A NAME="i_public"><!-- --></A><H3>
i_public</H3>
<PRE>
public int <STRONG>i_public</STRONG></PRE>
<HR>

<A NAME="i_protected"><!-- --></A><H3>
i_protected</H3>
<PRE>
protected int <STRONG>i_protected</STRONG></PRE>
<HR>

<A NAME="is_public"><!-- --></A><H3>
is_public</H3>
<PRE>
public int <STRONG>is_public</STRONG></PRE>
<HR>

<A NAME="is_protected"><!-- --></A><H3>
is_protected</H3>
<PRE>
protected int <STRONG>is_protected</STRONG></PRE>

<TABLE BORDER="1" WIDTH="100%" CELLPADDING="3" CELLSPACING="0" SUMMARY="">
<TR BGCOLOR="#CCCCFF" CLASS="TableHeadingColor">
<TH ALIGN="left" COLSPAN="1"><FONT SIZE="+2">
<STRONG>JML Ghost Field Detail</STRONG></FONT></TH>
</TR>
</TABLE>

<A NAME="g_public"><!-- --></A><H3>
g_public</H3>
<PRE>
<FONT SIZE="-1">@Ghost
</FONT>public int <STRONG>g_public</STRONG></PRE>
<DD>&nbsp;
<P>
<STRONG>JML Specifications: </STRONG> @Ghost<DL>
<PRE></PRE>
</DL>
<HR>

<A NAME="g_protected"><!-- --></A><H3>
g_protected</H3>
<PRE>
<FONT SIZE="-1">@Ghost
</FONT>protected int <STRONG>g_protected</STRONG></PRE>
<DD>&nbsp;
<P>
<STRONG>JML Specifications: </STRONG> @Ghost<DL>
<PRE></PRE>
</DL>

<!-- ========= CONSTRUCTOR DETAIL ======== -->

<A NAME="constructor_detail"><!-- --></A>
<TABLE BORDER="1" WIDTH="100%" CELLPADDING="3" CELLSPACING="0" SUMMARY="">
<TR BGCOLOR="#CCCCFF" CLASS="TableHeadingColor">
<TH ALIGN="left" COLSPAN="1"><FONT SIZE="+2">
<STRONG>Constructor Detail</STRONG></FONT></TH>
</TR>
</TABLE>

<A NAME="Vis()"><!-- --></A><H3>
Vis</H3>
<PRE>
public <STRONG>Vis</STRONG>()</PRE>
</DD>

<BR>
<STRONG>JML Constructor Specifications: </STRONG> @Model<PRE>

</PRE>
<HR>

<A NAME="Vis(int)"><!-- --></A><H3>
Vis</H3>
<PRE>
protected <STRONG>Vis</STRONG>(int&nbsp;i)</PRE>
</DD>

<BR>

<TABLE BORDER="1" WIDTH="100%" CELLPADDING="3" CELLSPACING="0" SUMMARY="">
<TR BGCOLOR="#CCCCFF" CLASS="TableHeadingColor">
<TH ALIGN="left" COLSPAN="1"><FONT SIZE="+2">
<STRONG>JML Model Constructor Detail</STRONG></FONT></TH>
</TR>
</TABLE>


<A NAME="Vis(java.lang.Object)"><!-- --></A><H3>
Vis</H3>
<PRE>
<FONT SIZE="-1">@Model
</FONT>public <STRONG>Vis</STRONG>(java.lang.Object&nbsp;o)</PRE>
</DD>

<BR>
<STRONG>JML Constructor Specifications: </STRONG> @Model<PRE>

</PRE>
<HR>

<A NAME="Vis(float)"><!-- --></A><H3>
Vis</H3>
<PRE>
<FONT SIZE="-1">@Model
</FONT>protected <STRONG>Vis</STRONG>(float&nbsp;i)</PRE>
</DD>

<BR>
<STRONG>JML Constructor Specifications: </STRONG> @Model<PRE>

</PRE>

<!-- ============ METHOD DETAIL ========== -->

<A NAME="method_detail"><!-- --></A>
<TABLE BORDER="1" WIDTH="100%" CELLPADDING="3" CELLSPACING="0" SUMMARY="">
<TR BGCOLOR="#CCCCFF" CLASS="TableHeadingColor">
<TH ALIGN="left" COLSPAN="1"><FONT SIZE="+2">
<STRONG>Method Detail</STRONG></FONT></TH>
</TR>
</TABLE>

<A NAME="m_public()"><!-- --></A><H3>
m_public</H3>
<PRE>
public int <STRONG>m_public</STRONG>()</PRE>
</DD>

<BR>
<HR>

<A NAME="m_protected()"><!-- --></A><H3>
m_protected</H3>
<PRE>
protected int <STRONG>m_protected</STRONG>()</PRE>
</DD>

<BR>
<HR>

<A NAME="ms_public()"><!-- --></A><H3>
ms_public</H3>
<PRE>
public int <STRONG>ms_public</STRONG>()</PRE>
<HR>

<A NAME="ms_protected()"><!-- --></A><H3>
ms_protected</H3>
<PRE>
protected int <STRONG>ms_protected</STRONG>()</PRE>

<TABLE BORDER="1" WIDTH="100%" CELLPADDING="3" CELLSPACING="0" SUMMARY="">
<TR BGCOLOR="#CCCCFF" CLASS="TableHeadingColor">
<TH ALIGN="left" COLSPAN="1"><FONT SIZE="+2">
<STRONG>JML Model Method Detail</STRONG></FONT></TH>
</TR>
</TABLE>


<A NAME="q_public()"><!-- --></A><H3>
q_public</H3>
<PRE>
<FONT SIZE="-1">@Model
</FONT>public int <STRONG>q_public</STRONG>()</PRE>
<DL>
</DL>
</DD>

<BR>
<STRONG>JML Method Specifications: </STRONG> @Model<PRE>

</PRE>
<HR>

<A NAME="q_protected()"><!-- --></A><H3>
q_protected</H3>
<PRE>
<FONT SIZE="-1">@Model
</FONT>protected int <STRONG>q_protected</STRONG>()</PRE>
<DL>
</DL>
</DD>

<BR>
<STRONG>JML Method Specifications: </STRONG> @Model<PRE>

</PRE>
<!-- ========= END OF CLASS DATA ========= -->
<HR>


<!-- ======= START OF BOTTOM NAVBAR ====== -->
<A NAME="navbar_bottom"><!-- --></A>
<A HREF="#skip-navbar_bottom" title="Skip navigation links"></A>
<TABLE BORDER="0" WIDTH="100%" CELLPADDING="1" CELLSPACING="0" SUMMARY="">
<TR>
<TD COLSPAN=2 BGCOLOR="#EEEEFF" CLASS="NavBarCell1">
<A NAME="navbar_bottom_firstrow"><!-- --></A>
<TABLE BORDER="0" CELLPADDING="0" CELLSPACING="3" SUMMARY="">
  <TR ALIGN="center" VALIGN="top">
  <TD BGCOLOR="#EEEEFF" CLASS="NavBarCell1">    <A HREF="overview-summary.html"><FONT CLASS="NavBarFont1"><STRONG>Overview</STRONG></FONT></A>&nbsp;</TD>
  <TD BGCOLOR="#EEEEFF" CLASS="NavBarCell1">    <A HREF="package-summary.html"><FONT CLASS="NavBarFont1"><STRONG>Package</STRONG></FONT></A>&nbsp;</TD>
  <TD BGCOLOR="#FFFFFF" CLASS="NavBarCell1Rev"> &nbsp;<FONT CLASS="NavBarFont1Rev"><STRONG>Class</STRONG></FONT>&nbsp;</TD>
  <TD BGCOLOR="#EEEEFF" CLASS="NavBarCell1">    <A HREF="package-tree.html"><FONT CLASS="NavBarFont1"><STRONG>Tree</STRONG></FONT></A>&nbsp;</TD>
  <TD BGCOLOR="#EEEEFF" CLASS="NavBarCell1">    <A HREF="deprecated-list.html"><FONT CLASS="NavBarFont1"><STRONG>Deprecated</STRONG></FONT></A>&nbsp;</TD>
  <TD BGCOLOR="#EEEEFF" CLASS="NavBarCell1">    <A HREF="index-all.html"><FONT CLASS="NavBarFont1"><STRONG>Index</STRONG></FONT></A>&nbsp;</TD>
  <TD BGCOLOR="#EEEEFF" CLASS="NavBarCell1">    <A HREF="help-doc.html"><FONT CLASS="NavBarFont1"><STRONG>Help</STRONG></FONT></A>&nbsp;</TD>
  </TR>
</TABLE>
</TD>
<TD ALIGN="right" VALIGN="top" ROWSPAN=3><EM>
</EM>
</TD>
</TR>

<TR>
<TD BGCOLOR="white" CLASS="NavBarCell2"><FONT SIZE="-2">
&nbsp;<A HREF="Q.html" title="class in &lt;Unnamed&gt;"><STRONG>PREV CLASS</STRONG></A>&nbsp;
&nbsp;<A HREF="Vis.C_protected.html" title="class in &lt;Unnamed&gt;"><STRONG>NEXT CLASS</STRONG></A></FONT></TD>
<TD BGCOLOR="white" CLASS="NavBarCell2"><FONT SIZE="-2">
  <A HREF="index.html?Vis.html" target="_top"><STRONG>FRAMES</STRONG></A>  &nbsp;
&nbsp;<A HREF="Vis.html" target="_top"><STRONG>NO FRAMES</STRONG></A>  &nbsp;
&nbsp;<SCRIPT type="text/javascript">
  <!--
  if(window==top) {
    document.writeln('<A HREF="allclasses-noframe.html"><STRONG>All Classes</STRONG></A>');
  }
  //-->
</SCRIPT>
<NOSCRIPT>
  <A HREF="allclasses-noframe.html"><STRONG>All Classes</STRONG></A>
</NOSCRIPT>


</FONT></TD>
</TR>
<TR>
<TD VALIGN="top" CLASS="NavBarCell3"><FONT SIZE="-2">
  SUMMARY:&nbsp;<A HREF="#nested_class_summary">NESTED</A>&nbsp;|&nbsp;<A HREF="#field_summary">FIELD</A>&nbsp;|&nbsp;<A HREF="#constructor_summary">CONSTR</A>&nbsp;|&nbsp;<A HREF="#method_summary">METHOD</A></FONT></TD>
<TD VALIGN="top" CLASS="NavBarCell3"><FONT SIZE="-2">
DETAIL:&nbsp;<A HREF="#field_detail">FIELD</A>&nbsp;|&nbsp;<A HREF="#constructor_detail">CONSTR</A>&nbsp;|&nbsp;<A HREF="#method_detail">METHOD</A></FONT></TD>
</TR>
</TABLE>
<A NAME="skip-navbar_bottom"></A>
<!-- ======== END OF BOTTOM NAVBAR ======= -->

<HR>

</BODY>
</HTML>
